  TrendplusProdavnica.Domain -> C:\Users\Ivan\source\repos\TrendplusProdavnica\TrendplusProdavnica.Domain\bin\Debug\net10.0\TrendplusProdavnica.Domain.dll
  TrendplusProdavnica.ServiceDefaults -> C:\Users\Ivan\source\repos\TrendplusProdavnica\TrendplusProdavnica.ServiceDefaults\bin\Debug\net10.0\TrendplusProdavnica.ServiceDefaults.dll
  TrendplusProdavnica.Application -> C:\Users\Ivan\source\repos\TrendplusProdavnica\TrendplusProdavnica.Application\bin\Debug\net10.0\TrendplusProdavnica.Application.dll
C:\Users\Ivan\source\repos\TrendplusProdavnica\TrendplusProdavnica.Infrastructure\Analytics\AnalyticsService.cs(139,37): warning CS8629: Nullable value type may be null. [C:\Users\Ivan\source\repos\TrendplusProdavnica\TrendplusProdavnica.Infrastructure\TrendplusProdavnica.Infrastructure.csproj]
  TrendplusProdavnica.Infrastructure -> C:\Users\Ivan\source\repos\TrendplusProdavnica\TrendplusProdavnica.Infrastructure\bin\Debug\net10.0\TrendplusProdavnica.Infrastructure.dll
  TrendplusProdavnica.Api -> C:\Users\Ivan\source\repos\TrendplusProdavnica\TrendplusProdavnica.Api\bin\Debug\net10.0\TrendplusProdavnica.Api.dll
  TrendplusProdavnica.AppHost -> C:\Users\Ivan\source\repos\TrendplusProdavnica\TrendplusProdavnica.AppHost\bin\Debug\net10.0\TrendplusProdavnica.AppHost.dll
  TrendplusProdavnica.Tests -> C:\Users\Ivan\source\repos\TrendplusProdavnica\TrendplusProdavnica.Tests\bin\Debug\net10.0\TrendplusProdavnica.Tests.dll

Build succeeded.

C:\Users\Ivan\source\repos\TrendplusProdavnica\TrendplusProdavnica.Infrastructure\Analytics\AnalyticsService.cs(139,37): warning CS8629: Nullable value type may be null. [C:\Users\Ivan\source\repos\TrendplusProdavnica\TrendplusProdavnica.Infrastructure\TrendplusProdavnica.Infrastructure.csproj]
    1 Warning(s)
    0 Error(s)

Time Elapsed 00:00:24.58
